// Jest Snapshot v1, https://goo.gl/fbAQLP

exports[`HeaderSearchBar should render 1`] = `
<DocumentFragment>
  <div
    class="relative"
    data-testid="HeaderSearchBar"
  >
    <div
      class="group"
    >
      <button
        class="ControlButton__ControlButtonStyled-sc-1l8cuc8-0 cWmnHb ring-focus"
        type="button"
      >
        <div
          class="flex items-center space-x-3 h-5"
        >
          <span>
            Search
          </span>
          <div
            class="sc-bdnxRM NjstW"
            height="20"
            width="20"
          >
            <svg>
              search.svg
            </svg>
          </div>
        </div>
      </button>
    </div>
  </div>
</DocumentFragment>
`;
